C51 COMPILER V9.60.7.0   STC8G_PCA                                                         03/08/2024 13:26:06 PAGE 1   


C51 COMPILER V9.60.7.0, COMPILATION OF MODULE STC8G_PCA
OBJECT MODULE PLACED IN .\Objects\STC8G_PCA.obj
COMPILER INVOKED BY: C:\Keil_v5\C51\BIN\C51.EXE _libs\STC8G_PCA.c LARGE OMF2 OPTIMIZE(8,SPEED) BROWSE INCDIR(.\_libs) DE
                    -BUG PRINT(.\Listings\STC8G_PCA.lst) OBJECT(.\Objects\STC8G_PCA.obj)

line level    source

   1          /*---------------------------------------------------------------------*/
   2          /* --- STC MCU Limited ------------------------------------------------*/
   3          /* --- STC 1T Series MCU Demo Programme -------------------------------*/
   4          /* --- Mobile: (86)13922805190 ----------------------------------------*/
   5          /* --- Fax: 86-0513-55012956,55012947,55012969 ------------------------*/
   6          /* --- Tel: 86-0513-55012928,55012929,55012966 ------------------------*/
   7          /* --- Web: www.STCAI.com ---------------------------------------------*/
   8          /* --- BBS: www.STCAIMCU.com  -----------------------------------------*/
   9          /* --- QQ:  800003751 -------------------------------------------------*/
  10          /* 如果要在程序中使用此代码,请在程序中注明使用了STC的资料及程序            */
  11          /*---------------------------------------------------------------------*/
  12          
  13          #include        "STC8G_PCA.h"
  14          
  15          bit             B_Capture0,B_Capture1,B_Capture2;
  16          u8              PCA0_mode,PCA1_mode,PCA2_mode;
  17          u16             CCAP0_tmp,PCA_Timer0;
  18          u16             CCAP1_tmp,PCA_Timer1;
  19          u16             CCAP2_tmp,PCA_Timer2;
  20          
  21          //========================================================================
  22          // 函数: UpdatePcaPwm(u8 PCA_id, u16 pwm_value)
  23          // 描述: 更新PWM值. 
  24          // 参数: PCA_id: PCA序号. 取值 PCA0,PCA1,PCA2,PCA_Counter
  25          //               pwm_value: pwm值, 这个值是输出低电平的时间.
  26          // 返回: none.
  27          // 版本: V1.0, 2012-11-22
  28          //========================================================================
  29          void    UpdatePcaPwm(u8 PCA_id, u16 pwm_value)
  30          {
  31   1              if(PCA_id == PCA0)
  32   1              {
  33   2                      PCA_PWM0 = (PCA_PWM0 & ~0x32) | (u8)((pwm_value & 0x0300) >> 4) | (u8)((pwm_value & 0x0400) >> 9);
  34   2                      CCAP0H = (u8)pwm_value;
  35   2              }
  36   1              else if(PCA_id == PCA1)
  37   1              {
  38   2                      PCA_PWM1 = (PCA_PWM1 & ~0x32) | (u8)((pwm_value & 0x0300) >> 4) | (u8)((pwm_value & 0x0400) >> 9);
  39   2                      CCAP1H = (u8)pwm_value;
  40   2              }
  41   1              else if(PCA_id == PCA2)
  42   1              {
  43   2                      PCA_PWM2 = (PCA_PWM2 & ~0x32) | (u8)((pwm_value & 0x0300) >> 4) | (u8)((pwm_value & 0x0400) >> 9);
  44   2                      CCAP2H = (u8)pwm_value;
  45   2              }
  46   1      }
  47          
  48          //========================================================================
  49          // 函数: void   PCA_Init(PCA_id, PCA_InitTypeDef *PCAx)
  50          // 描述: PCA初始化程序.
  51          // 参数: PCA_id: PCA序号. 取值 PCA0,PCA1,PCA2,PCA_Counter
  52          //               PCAx: 结构参数,请参考PCA.h里的定义.
  53          // 返回: none.
  54          // 版本: V1.0, 2012-11-22
C51 COMPILER V9.60.7.0   STC8G_PCA                                                         03/08/2024 13:26:06 PAGE 2   

  55          //========================================================================
  56          void    PCA_Init(u8 PCA_id, PCA_InitTypeDef *PCAx)
  57          {
  58   1              if(PCA_id > PCA_Counter)        return;         //id错误
  59   1      
  60   1              if(PCA_id == PCA_Counter)                       //设置公用Counter
  61   1              {
  62   2                      CR = 0;
  63   2                      CH = 0;
  64   2                      CL = 0;
  65   2                      CMOD  = (CMOD  & ~(7<<1)) | PCAx->PCA_Clock;                    //选择时钟源
  66   2                      if(PCAx->PCA_RUN == ENABLE)     CR = 1;
  67   2                      return;
  68   2              }
  69   1      
  70   1              if(PCA_id == PCA0)
  71   1              {
  72   2                      PCA_PWM0  = (PCA_PWM0 & ~(3<<6)) | PCAx->PCA_PWM_Wide;  //PWM宽度
  73   2      
  74   2                      PCA_Timer0 = PCAx->PCA_Value;
  75   2                      B_Capture0 = 0;
  76   2                      CCAP0_tmp = PCA_Timer0;
  77   2                      CCAP0L = (u8)CCAP0_tmp;                 //将影射寄存器写入捕获寄存器，先写CCAP0L
  78   2                      CCAP0H = (u8)(CCAP0_tmp >> 8);  //后写CCAP0H
  79   2              }
  80   1              if(PCA_id == PCA1)
  81   1              {
  82   2                      PCA_PWM1  = (PCA_PWM1 & ~(3<<6)) | PCAx->PCA_PWM_Wide;
  83   2      
  84   2                      PCA_Timer1 = PCAx->PCA_Value;
  85   2                      B_Capture1 = 0;
  86   2                      CCAP1_tmp = PCA_Timer1;
  87   2                      CCAP1L = (u8)CCAP1_tmp;                 //将影射寄存器写入捕获寄存器，先写CCAP0L
  88   2                      CCAP1H = (u8)(CCAP1_tmp >> 8);  //后写CCAP0H
  89   2              }
  90   1              if(PCA_id == PCA2)
  91   1              {
  92   2                      PCA_PWM2  = (PCA_PWM2 & ~(3<<6)) | PCAx->PCA_PWM_Wide;
  93   2      
  94   2                      PCA_Timer2 = PCAx->PCA_Value;
  95   2                      B_Capture2 = 0;
  96   2                      CCAP2_tmp = PCA_Timer2;
  97   2                      CCAP2L = (u8)CCAP2_tmp;                 //将影射寄存器写入捕获寄存器，先写CCAP0L
  98   2                      CCAP2H = (u8)(CCAP2_tmp >> 8);  //后写CCAP0H
  99   2              }
 100   1      }


MODULE INFORMATION:   STATIC OVERLAYABLE
   CODE SIZE        =    323    ----
   CONSTANT SIZE    =   ----    ----
   XDATA SIZE       =     15    ----
   PDATA SIZE       =   ----    ----
   DATA SIZE        =   ----    ----
   IDATA SIZE       =   ----    ----
   BIT SIZE         =      3    ----
   EDATA SIZE       =   ----    ----
   HDATA SIZE       =   ----    ----
   XDATA CONST SIZE =   ----    ----
   FAR CONST SIZE   =   ----    ----
END OF MODULE INFORMATION.


C51 COMPILATION COMPLETE.  0 WARNING(S),  0 ERROR(S)
