C51 COMPILER V9.60.7.0   STC8G_H_TIMER_ISR                                                 03/08/2024 13:26:05 PAGE 1   


C51 COMPILER V9.60.7.0, COMPILATION OF MODULE STC8G_H_TIMER_ISR
OBJECT MODULE PLACED IN .\Objects\STC8G_H_Timer_Isr.obj
COMPILER INVOKED BY: C:\Keil_v5\C51\BIN\C51.EXE _libs\STC8G_H_Timer_Isr.c LARGE OMF2 OPTIMIZE(8,SPEED) BROWSE INCDIR(.\_
                    -libs) DEBUG PRINT(.\Listings\STC8G_H_Timer_Isr.lst) OBJECT(.\Objects\STC8G_H_Timer_Isr.obj)

line level    source

   1          /*---------------------------------------------------------------------*/
   2          /* --- STC MCU Limited ------------------------------------------------*/
   3          /* --- STC 1T Series MCU Demo Programme -------------------------------*/
   4          /* --- Mobile: (86)13922805190 ----------------------------------------*/
   5          /* --- Fax: 86-0513-55012956,55012947,55012969 ------------------------*/
   6          /* --- Tel: 86-0513-55012928,55012929,55012966 ------------------------*/
   7          /* --- Web: www.STCAI.com ---------------------------------------------*/
   8          /* --- BBS: www.STCAIMCU.com  -----------------------------------------*/
   9          /* --- QQ:  800003751 -------------------------------------------------*/
  10          /* 如果要在程序中使用此代码,请在程序中注明使用了STC的资料及程序            */
  11          /*---------------------------------------------------------------------*/
  12          
  13          #include        "STC8G_H_Timer.h"
  14          
  15          //========================================================================
  16          // 函数: Timer0_ISR_Handler
  17          // 描述: Timer0中断函数.
  18          // 参数: none.
  19          // 返回: none.
  20          // 版本: V1.0, 2020-09-23
  21          //========================================================================
  22          void Timer0_ISR_Handler (void) interrupt TMR0_VECTOR            //进中断时已经清除标志
  23          {
  24   1              // TODO: 在此处添加用户代码
  25   1         P11 = ~P11;
  26   1      }
  27          
  28          //========================================================================
  29          // 函数: Timer1_ISR_Handler
  30          // 描述: Timer1中断函数.
  31          // 参数: none.
  32          // 返回: none.
  33          // 版本: V1.0, 2020-09-23
  34          //========================================================================
  35          void Timer1_ISR_Handler (void) interrupt TMR1_VECTOR            //进中断时已经清除标志
  36          {
  37   1              // TODO: 在此处添加用户代码
  38   1              P66 = ~P66;
  39   1      }
  40          
  41          //========================================================================
  42          // 函数: Timer2_ISR_Handler
  43          // 描述: Timer2中断函数.
  44          // 参数: none.
  45          // 返回: none.
  46          // 版本: V1.0, 2020-09-23
  47          //========================================================================
  48          void Timer2_ISR_Handler (void) interrupt TMR2_VECTOR            //进中断时已经清除标志
  49          {
  50   1              // TODO: 在此处添加用户代码
  51   1              P65 = ~P65;
  52   1      }
  53          
  54          //========================================================================
C51 COMPILER V9.60.7.0   STC8G_H_TIMER_ISR                                                 03/08/2024 13:26:05 PAGE 2   

  55          // 函数: Timer3_ISR_Handler
  56          // 描述: Timer3中断函数.
  57          // 参数: none.
  58          // 返回: none.
  59          // 版本: V1.0, 2020-09-23
  60          //========================================================================
  61          void Timer3_ISR_Handler (void) interrupt TMR3_VECTOR            //进中断时已经清除标志
  62          {
  63   1              // TODO: 在此处添加用户代码
  64   1              P64 = ~P64;
  65   1      }
  66          
  67          //========================================================================
  68          // 函数: Timer4_ISR_Handler
  69          // 描述: Timer4中断函数.
  70          // 参数: none.
  71          // 返回: none.
  72          // 版本: V1.0, 2020-09-23
  73          //========================================================================
  74          void Timer4_ISR_Handler (void) interrupt TMR4_VECTOR            //进中断时已经清除标志
  75          {
  76   1              // TODO: 在此处添加用户代码
  77   1              P63 = ~P63;
  78   1      }


MODULE INFORMATION:   STATIC OVERLAYABLE
   CODE SIZE        =     30    ----
   CONSTANT SIZE    =   ----    ----
   XDATA SIZE       =   ----    ----
   PDATA SIZE       =   ----    ----
   DATA SIZE        =   ----    ----
   IDATA SIZE       =   ----    ----
   BIT SIZE         =   ----    ----
   EDATA SIZE       =   ----    ----
   HDATA SIZE       =   ----    ----
   XDATA CONST SIZE =   ----    ----
   FAR CONST SIZE   =   ----    ----
END OF MODULE INFORMATION.


C51 COMPILATION COMPLETE.  0 WARNING(S),  0 ERROR(S)
