C51 COMPILER V9.60.7.0   MAIN                                                              12/22/2025 20:05:09 PAGE 1   


C51 COMPILER V9.60.7.0, COMPILATION OF MODULE MAIN
OBJECT MODULE PLACED IN .\Objects\main.obj
COMPILER INVOKED BY: C:\Keil_v5\C51\BIN\C51.EXE main.c COMPACT OMF2 OPTIMIZE(8,SPEED) BROWSE INCDIR(.\_libs) DEBUG PRINT
                    -(.\Listings\main.lst) OBJECT(.\Objects\main.obj)

line level    source

   1          #include "Config.h"
   2          #include "STC8H.h"
   3          #include "STC8H_PWM.h"
   4          
   5          
   6          // =========================================== IO口定义 ==================================================
             -=
   7          
   8          #define IO_IR_RECEIVER          P32             // IR红外接收头
   9          #define IO_PWM_OUT                      P10             // 控制CN5711的PWM输出
  10          
  11          #define LED_IO                          P11             // LED指示灯
  12          
  13          #define LED_ON                          1
  14          #define LED_OFF                         0
  15          
  16          
  17          #define PWM_FREQ                        2000    // PWM的频率
  18          #define FN1_TIME_SEC            900             // 定时1秒数，15分钟
  19          #define FN2_TIME_SEC            3600    // 定时2秒数，1小时
  20          
  21          // =========================================== 初始化函数 ================================================
             -===
  22          
  23          // 初始化引脚
  24          void IO_Init(){
  25   1              // 除P3.0和P3.1外，其余所有IO口上电后的状态均为高阻输入状态（手册P543)
  26   1              // 需要设置要用到的IO口的模式
  27   1      //      P1M0 = 0x00; P1M1 = 0xfe; // P1.0准双向口，其他高阻输入
  28   1      //    P3M0 = 0x00; P3M1 = 0xfb; // P3.2准双向口，其他高阻输入
  29   1              
  30   1              
  31   1              
  32   1              P1M1 = 0X00; P1M0 = 0X00; // 准双向口
  33   1              P3M1 = 0X00; P3M0 = 0X00; // 准双向口
  34   1              P5M1 = 0X00; P5M0 = 0X00; // 准双向口
  35   1              
  36   1              
  37   1              // P3.2准双向口，其他高阻输入
  38   1              P3M0 = 0x00; P3M1 = 0xfb; 
  39   1              
  40   1              // P1和P11设置为推挽输出
  41   1          P1M0 = 0x03; P1M1 = 0x00; 
  42   1      }
  43          
  44          
  45          
  46          
  47          
  48          // =========================================== PWM相关功能 ===============================================
             -====
  49          
  50          // PWM初始化函数，使用的是P10口(PWM1P)
  51          // 参数: channel - PWM通道, freq - PWM频率(Hz)
C51 COMPILER V9.60.7.0   MAIN                                                              12/22/2025 20:05:09 PAGE 2   

  52          void PWM_Init(u8 channel, u16 freq)
  53          {
  54   1              PWMx_InitDefine PWMx;
  55   1              u32 tmp;
  56   1              
  57   1              // 选择PWM1P的引脚为P10
  58   1              PWM1_USE_P10P11();
  59   1              
  60   1              // 计算周期值 (STC8H主频12MHz)
  61   1              // PWM周期 = (PWM_Period+1) / 12MHz
  62   1              tmp = MAIN_Fosc / freq;
  63   1              if(tmp > 0xFFFF) tmp = 0xFFFF;
  64   1              
  65   1              // 配置PWM参数
  66   1              PWMx.PWM_Mode    = CCMRn_PWM_MODE1;        // PWM模式1
  67   1              PWMx.PWM_Period  = tmp - 1;                // 周期时间，根据频率计算
  68   1              PWMx.PWM_Duty    = 0;                     // 初始占空比为0
  69   1              PWMx.PWM_DeadTime = 0;                    // 死区时间，PWM互补输出才需要
  70   1              PWMx.PWM_EnoSelect = ENO1P;               // 只使能PWM1P输出
  71   1              PWMx.PWM_CEN_Enable = ENABLE;             // 使能计数器
  72   1              PWMx.PWM_MainOutEnable = ENABLE;          // 主输出使能
  73   1              
  74   1              // 配置指定PWM通道
  75   1              PWM_Configuration(channel, &PWMx);
  76   1                
  77   1              // 配置PWMA的基本参数
  78   1              PWM_Configuration(PWMA, &PWMx);
  79   1              
  80   1              
  81   1              // PWM1P_OUT_EN();  // 使能PWM1P输出
  82   1      }
  83          
  84          // PWM输出函数，使用的是P10口(PWM1P)
  85          // 参数: channel - PWM通道, duty - 占空比(0-100)
  86          void Set_PWM(u8 channel, u8 dutyPct)
  87          {
  88   1              u32 tmp;
  89   1              u16 duty;
  90   1      
  91   1              tmp = MAIN_Fosc / PWM_FREQ ; // 计算占空比比例
  92   1              duty = dutyPct * tmp / 100;
  93   1              if(duty > tmp) duty = tmp;
  94   1              
  95   1              PWMA_Duty1(duty);
  96   1      }
*** WARNING C280 IN LINE 86 OF main.c: 'channel': unreferenced local variable
  97          
  98           
  99          
 100          // =========================================== 变量定义 ==================================================
             -=
 101          
 102          u8      PWM_Counter = 0;
 103          u8      PWM_LOW_Start_Light_BRIGHTNESS = 0; // PWM脉宽，用于指定亮度等级，默认上一次的亮度，初始值中间值50
 104          
 105          u16 time_50ms_count = 0;
 106          u16 time_1sec_count = 0;
 107          
 108          u16 PD_Mode_Delay_50ms_Counter = 0; // 延时进入省电模式的计数
 109          
 110          // 延时，单位毫秒
 111          void delay_ms(unsigned int ms)   //@12MHz
C51 COMPILER V9.60.7.0   MAIN                                                              12/22/2025 20:05:09 PAGE 3   

 112          {
 113   1              unsigned char data i, j;
 114   1              for(ms; ms; ms--){ 
 115   2                      i = 16;
 116   2                      j = 147;
 117   2                      do
 118   2                      {
 119   3                              while (--j);
 120   3                      } while (--i);
 121   2              }
 122   1      }
 123          
 124          
 125          // 进入掉电模式
 126          void STC8_PD_Mode()
 127          {
 128   1              // 掉电模式
 129   1              PCON |=0x02; 
 130   1              _nop_();
 131   1              _nop_();
 132   1              _nop_();
 133   1              _nop_();
 134   1              _nop_();        
 135   1      }
 136          
 137          
 138          // =========================================== 灯的控制函数 ==============================================
             -=====
 139          
 140          
 141          bit     Light_SW_State = 0;                             // 0是关灯，1是开灯
 142          
 143          u8 brightness_Levels[] = 
 144                                  { 1, 2, 3, 5, 9, 15, 20, 25, 30, 40, 50, 60, 70, 80, 90 };      // 亮度级别（PWM占空比）
 145                            //  1  2  3  4  5   6  7   8   9   10  11  12  13  14  15
 146          u8 brightness_Levels_count = 15;        // 亮度级别的数量
 147          u8 current_level_index = 8;             // 当前的亮度级别（初始值为默认亮度级别）
 148          
 149          u8  countdownEnable = 0;                        // 是否开启倒计时
 150          u8  countdown_Flashed = 0;                      // 是否已经闪烁了
 151          u16 countdownSecSetting = 0;            // 倒计时秒数
 152          
 153          
 154          
 155          // *************************************
 156          //
 157          // 增加亮度：下一个亮度级别，开灯状态下才执行逻辑
 158          // 
 159          // *************************************
 160          void Light_Next_Level()
 161          {
 162   1              if(Light_SW_State == 1)
 163   1              {
 164   2                      if(current_level_index < (brightness_Levels_count - 1))
 165   2                      {
 166   3                              current_level_index++;
 167   3                      }
 168   2                      PWM_LOW_Start_Light_BRIGHTNESS = brightness_Levels[current_level_index];
 169   2              }
 170   1      }
 171          
 172          
C51 COMPILER V9.60.7.0   MAIN                                                              12/22/2025 20:05:09 PAGE 4   

 173          // *************************************
 174          //
 175          // 减少亮度：上一个亮度级别, 开灯状态下才有效
 176          // 
 177          // *************************************
 178          void Light_Prev_Level()
 179          {
 180   1              if(Light_SW_State == 1)
 181   1              {
 182   2                      if(current_level_index > 0)
 183   2                      {
 184   3                              current_level_index--;
 185   3                      }
 186   2                      PWM_LOW_Start_Light_BRIGHTNESS = brightness_Levels[current_level_index];
 187   2              }
 188   1      }
 189          
 190          
 191          
 192          // *************************************
 193          //
 194          // 开灯
 195          // 
 196          // *************************************
 197          void Light_Power_On()
 198          {
 199   1              // 初始化引脚
 200   1              IO_Init();               
 201   1              
 202   1              PWM1P_OUT_EN();  // 使能PWM1P输出
 203   1              
 204   1              
 205   1              // 清空状态: 关闭倒计时
 206   1              countdownEnable = 0;
 207   1              countdown_Flashed = 0;  
 208   1              countdownSecSetting = 0;
 209   1              
 210   1              // 开灯状态
 211   1              Light_SW_State = 1;
 212   1              
 213   1              /*
 214   1              // 计时器开始
 215   1              TR0 = 1;
 216   1              TR1 = 1;
 217   1                      
 218   1              ET0 = 1;
 219   1              ET1 = 1;
 220   1              */
 221   1      }
 222          
 223          
 224          // *************************************
 225          //
 226          // 关灯
 227          // 
 228          // *************************************
 229          void Light_Power_Off()
 230          {
 231   1              Light_SW_State  = 0;    // 关灯状态
 232   1      
 233   1              /*      
 234   1              // 停止计时器
C51 COMPILER V9.60.7.0   MAIN                                                              12/22/2025 20:05:09 PAGE 5   

 235   1              TR0 = 0;
 236   1              TR1 = 0;
 237   1              
 238   1              ET0 = 0;
 239   1              ET1 = 0;
 240   1              */
 241   1              
 242   1              PWM1P_OUT_DIS();                // 禁止PWM1P输出
 243   1              IO_PWM_OUT = 0;                 // 低电平，关灯
 244   1              
 245   1              
 246   1              IO_PWM_OUT              = 0;    // 停止输出, 关灯
 247   1              
 248   1              
 249   1              // P3.2准双向口，其他高阻输入
 250   1              P3M0 = 0x00; P3M1 = 0xfb; 
 251   1              
 252   1              // 设置为高阻输入，以便省电
 253   1              P1M0 = 0x00; P1M1 = 0xff;       
 254   1              
 255   1              
 256   1              delay_ms(50);
 257   1              
 258   1              // 进入省电模式
 259   1              STC8_PD_Mode();
 260   1      }
 261          
 262          
 263          // *************************************
 264          //
 265          // 开灯关灯切换
 266          // 
 267          // *************************************
 268          void Light_Power_Toggle()
 269          {
 270   1              if(Light_SW_State == 0)
 271   1              {
 272   2                      Light_Power_On();
 273   2              }
 274   1              else
 275   1              {
 276   2                      Light_Power_Off();
 277   2              }
 278   1      }
 279          
 280          
 281          
 282          // *************************************
 283          //
 284          // 设置定时关灯，开灯状态下才有效。参数是倒计时的秒数
 285          // 
 286          // *************************************
 287          
 288          u16 Light_Timer_Sec_1 = FN1_TIME_SEC;   // 15分钟，对应 FN1 按键
 289          u16 Light_Timer_Sec_2 = FN2_TIME_SEC;   // 60分钟，对应 FN2 按键
 290          
 291          void Light_Turn_Off_Timer_Set(u16 sec)
 292          {
 293   1              // 定时xx秒，开灯状态下才有效
 294   1              if(Light_SW_State == 1)
 295   1              {
 296   2                      countdownEnable = 1;    
C51 COMPILER V9.60.7.0   MAIN                                                              12/22/2025 20:05:09 PAGE 6   

 297   2                      countdown_Flashed = 0;  
 298   2                      countdownSecSetting = sec;
 299   2                      
 300   2                      time_50ms_count = 0;
 301   2                      time_1sec_count = 0;
 302   2              }
 303   1      }
 304          
 305          // *************************************
 306          //
 307          // 灯的循环执行逻辑
 308          // 
 309          // *************************************
 310          void Light_Loop_Tick()
 311          {
 312   1              // 关灯500ms后进入省电模式
 313   1              if(Light_SW_State == 0 && PD_Mode_Delay_50ms_Counter >= 10) 
 314   1              {
 315   2      //              STC8_PD_Mode(); // 进入省电模式
 316   2              }
 317   1              
 318   1              // 定时关灯执行逻辑
 319   1              else if(Light_SW_State == 1 && countdownEnable == 1)
 320   1              {
 321   2                      if(countdown_Flashed == 0 )
 322   2                      {
 323   3                              countdown_Flashed = 1;
 324   3                              
 325   3                              // 关一下灯再打开, 表示开始倒计时
 326   3                              Light_SW_State = 0;     
 327   3                              PWM1P_OUT_DIS();                // 禁止PWM1P输出
 328   3                              IO_PWM_OUT = 0;                 // 低电平，关灯
 329   3                              
 330   3                              delay_ms(100);  
 331   3                              
 332   3                              Light_SW_State = 1;     
 333   3                              PWM1P_OUT_EN();  // 使能PWM1P输出
 334   3                      } 
 335   2              
 336   2                      // 到了定时时间后关灯
 337   2                      if(time_1sec_count >= countdownSecSetting)
 338   2                      {
 339   3                              Light_Power_Off();
 340   3                      }
 341   2              }
 342   1      }
 343          
 344          
 345          
 346          
 347          // *************************************
 348          //
 349          // 定时器1  用于倒计时
 350          // 
 351          // *************************************
 352          
 353          
 354          void Timer1_Isr(void) interrupt 3
 355          {
 356   1              time_50ms_count++;
 357   1              if(time_50ms_count >= 20){
 358   2                      time_1sec_count++;
C51 COMPILER V9.60.7.0   MAIN                                                              12/22/2025 20:05:09 PAGE 7   

 359   2                      time_50ms_count = 0;
 360   2              }
 361   1              
 362   1              PD_Mode_Delay_50ms_Counter++;
 363   1      }
 364          
 365          
 366          
 367          void Timer1_Init(void)          //50毫秒@12.000MHz
 368          {
 369   1              // 同时设置定时器0和1时，注意这两个寄存器需要正确设置！！
 370   1              // !!! 使用 TMOD = 0x00; 好像有问题，使用 TMOD &= 0x00; 才能正常工作！！！
 371   1              AUXR &= 0x3F;                   //设置定时器0和1, 时钟12T模式
 372   1              TMOD &= 0x00;                   //设置定时器0和1, 模式为16位自动重载模式
 373   1              
 374   1              // AUXR &= 0xBF;                        //定时器时钟12T模式
 375   1              // TMOD &= 0x0F;                        //设置定时器模式
 376   1              TL1 = 0xB0;                             //设置定时初始值
 377   1              TH1 = 0x3C;                             //设置定时初始值
 378   1              TF1 = 0;                                //清除TF1标志
 379   1              TR1 = 1;                                //定时器1开始计时
 380   1              ET1 = 1;                                //使能定时器1中断
 381   1      }
 382          
 383          
 384          
 385          /**********************************************************************************************
 386          ***
 387          *** 自己整理后的代码
 388          ***
 389          *** 参考代码 https://blog.csdn.net/qq_61688416/article/details/132418785
 390          ** （STC8G红外遥控接收控制继电器案例）
 391          ***
 392          ***********************************************************************************************
 393          **/
 394          
 395          
 396          #define IR_RX_STATE_NONE                                0       // 未工作
 397          #define IR_RX_STATE_RECEIVING           1               // 正在接收中
 398          
 399          
 400          #define IR_RX_RAW_DATA_SIZE                                     50   // 记录原始数据的数组大小
 401          
 402          u8      IR_RX_State = 0;                        // 红外接收工作状态
 403          u16     IR_RX_us_Duration = 0; // 微秒时长记录
 404          
 405          
 406          u16 IR_RX_Time_Interval_10us = 0; // 微秒计时，记录两次红外接收引发的中断的时间间隔，单位10微秒
 407          u16 rawData[IR_RX_RAW_DATA_SIZE] = {0};         // 记录原始数据，每一位数据的微秒数
 408          u8      rawDataIndex = 0; 
 409          
 410          u8  NEC_Data[4] = {0};  // 记录接收到的解码后的NEC数据:地址码、地址吗反码、按键码、按键码反码
 411          
 412          
 413          
 414          /*
 415          使用10us的定时，记录的数据就比较准确了，下面是得到的数据
 416                  （经测试，使用定时3微秒以上的定时，才能得到准确的数据记录）
 417                  0 = 1368        
 418                  1 = 117         2 = 117         3 = 117         4 = 116         
 419                  5 = 117         6 = 117         7 = 117         8 = 117         
 420                  9 = 226         10 = 228        11 = 225        12 = 222        
C51 COMPILER V9.60.7.0   MAIN                                                              12/22/2025 20:05:09 PAGE 8   

 421                  13 = 225        14 = 226        15 = 225        16 = 225        
 422                  17 = 225        18 = 117        19 = 225        20 = 117        
 423                  21 = 117        22 = 118        23 = 225        24 = 117        
 424                  25 = 116        26 = 227        27 = 115        28 = 228        
 425                  29 = 225        30 = 225        31 = 115        32 = 228   
 426          */
 427          void Timer0_Init(void)          //10微秒@12.000MHz
 428          {
 429   1              AUXR &= 0x7F;                   //定时器时钟12T模式
 430   1              TMOD &= 0xF0;                   //设置定时器模式
 431   1              TL0 = 0xF6;                             //设置定时初始值
 432   1              TH0 = 0xFF;                             //设置定时初始值
 433   1              TF0 = 0;                                //清除TF0标志
 434   1              TR0 = 1;                                //定时器0开始计时
 435   1              ET0 = 1;                                //使能定时器0中断
 436   1      }
 437          
 438          
 439          // 定时器0的中断处理, 每10微秒一次
 440          void Timer0_Isr(void) interrupt 1
 441          {       
 442   1              IR_RX_Time_Interval_10us++; // 微秒计时
 443   1              
 444   1              
 445   1              // 正在接收数据
 446   1              if(IR_RX_State == IR_RX_STATE_RECEIVING){ 
 447   2                      
 448   2                      IR_RX_us_Duration ++;  // 10微秒中断一次
 449   2                      if(IR_RX_us_Duration > 11000){
 450   3                              IR_RX_us_Duration = 0;
 451   3                              
 452   3                              IR_RX_State = IR_RX_STATE_NONE;
 453   3                              IR_RX_Time_Interval_10us = 0;
 454   3                              rawDataIndex = 0;
 455   3                      }
 456   2                      
 457   2              }
 458   1      }
 459          
 460          
 461          
 462          
 463          
 464          // 外部中断0的中断处理, 接收到红外信号时触发
 465          void INT0_Isr() interrupt 0
 466          {
 467   1              
 468   1              // 省电模式倒计时清零
 469   1              PD_Mode_Delay_50ms_Counter = 0;
 470   1              
 471   1              
 472   1              // 第一次进入中断（间隔为0），开始进入红外NEC编码接收流程
 473   1              if(IR_RX_State == IR_RX_STATE_NONE){
 474   2                      IR_RX_Time_Interval_10us = 0;
 475   2                      IR_RX_State = IR_RX_STATE_RECEIVING; 
 476   2              }
 477   1              
 478   1              // 正在接收数据
 479   1              else if(IR_RX_State == IR_RX_STATE_RECEIVING){ 
 480   2                      
 481   2                      // 每一步都先记录下来原始数据 (超出数组的大小就不再记录原始数据了)
 482   2                      if(rawDataIndex < IR_RX_RAW_DATA_SIZE){                 
C51 COMPILER V9.60.7.0   MAIN                                                              12/22/2025 20:05:09 PAGE 9   

 483   3                              rawData[rawDataIndex++] = IR_RX_Time_Interval_10us;
 484   3                      }
 485   2                      IR_RX_Time_Interval_10us = 0;            // 微秒数记录清零
 486   2                      
 487   2                      // 清空超时时间记录
 488   2                      IR_RX_us_Duration = 0;
 489   2              } 
 490   1      }
 491          
 492          
 493          
 494          
 495          
 496          /** 处理NEC格式的数据，进行NEC解码, 原始数据记录的单位是10微秒
 497          
 498                          得到的是下面这样的数据（单位是10微秒）
 499                          0 = 1372        
 500                          1 = 115         2 = 117         3 = 117         4 = 117         
 501                          5 = 118         6 = 117         7 = 117         8 = 117         
 502                          9 = 226         10 = 226        11 = 226        12 = 225        
 503                          13 = 225        14 = 226        15 = 225        16 = 225        
 504                          17 = 226        18 = 117        19 = 226        20 = 117        
 505                          21 = 117        22 = 117        23 = 226        24 = 117        
 506                          25 = 117        26 = 225        27 = 117        28 = 225        
 507                          29 = 226        30 = 226        31 = 117        32 = 225        
 508                          33 = 4029       34 = 1145       35 = 0          36 = 0     
 509          
 510                          [0],                    （一定有）13.5ms, 引导码(9ms LOW + 4.5ms HIGH)
 511                          [1...8]         （一定有）地址码                8 Bit
 512                          [9...16]        （一定有）地址码反码    8 Bit
 513                          [17...24]       （一定有）命令码                        8 Bit
 514                          [25...32]       （一定有）命令码反码    8 Bit
 515                          
 516                          再后面的就是重复码，本程序没有处理
 517                  
 518          
 519           
 520                          引导码：持续9ms 高电平，4.5ms低电平，作为启动信号；
 521          
 522                          紧接着是32bit的数据，按照上述的NEC帧格式的顺序；最后以562.5μs脉冲高电平结尾，表示一帧消息传输结束。
 523                          
 524                          逻辑“0”：562.5μs高电平，562.5μs低电平，总时长为1.125ms
 525                          逻辑“1”：562.5μs高电平，1.6875ms低电平，总时长为2.25ms
 526          
 527                          
 528                          
 529                  返回0，表示收到的数据不符合NEC规则，没有有效数据，或者没有新数据；
 530            返回1，表示有新数据，且符合NEC规则，解码成功，可读取解码后的数据；    
 531          */
 532          bit NEC_Decode(){
 533   1              u8 i, j, index = 0;
 534   1              
 535   1              // 没有新数据，返回解码失败
 536   1              if(rawData[0] == 0){
 537   2                      return 0;
 538   2              }
 539   1              
 540   1              
 541   1              // 如果正在接收中，就等待接收完毕才能进行数据解码
 542   1              while(IR_RX_State == IR_RX_STATE_RECEIVING){ };
 543   1              
 544   1              
C51 COMPILER V9.60.7.0   MAIN                                                              12/22/2025 20:05:09 PAGE 10  

 545   1              // 正确的引导码是13.5ms
 546   1              if((rawData[0] > (1350-250)) && (rawData[0] < (1350+250))){
 547   2      
 548   2                      for(i=0; i<4; i++){
 549   3                              for(j=0; j<8; j++){
 550   4                                      index++; // 先++，从下标1开始才是数据
 551   4      //                              printf("%d ", rawData[index]);
 552   4                                      
 553   4                                      if(rawData[index] > (112 - 15) && rawData[index] < (112 + 15)){
 554   5                                              NEC_Data[i] &= ~(1 << j); // 这一位数据置0
 555   5                                      }
 556   4                                      else if(rawData[index] > (225 - 25) && rawData[index] < (225 + 25)){
 557   5                                              NEC_Data[i] |= (1 << j);        // 这一位数据置1
 558   5                                      }else{
 559   5                                              // 有任一个Bit的数据不符合0或1的规则，表示数据有误，返回解码失败
 560   5      //                                      printf("faild 222 data. rawData[%d]=%d", index, rawData[index]);
 561   5              
 562   5                                              rawData[0] = 0;
 563   5                                              return 0;
 564   5                                      }
 565   4                              }
 566   3                      }
 567   2                              
 568   2              }else{
 569   2                      // 引导码不正确，表示数据有误，返回解码失败
 570   2      //              printf("faild 111 bootcode. rawData[0]=%d \n", rawData[0]);
 571   2                      for(i=0;i<32; i++){
 572   3      //                      printf("rawData[%d]=%d \n", (int)i, rawData[i]);
 573   3                      }
 574   2      
 575   2                      rawData[0] = 0;
 576   2                      return 0; 
 577   2              }
 578   1              
 579   1              // 引导码和每一位数据都正确，清空状态，等待下一次接收，返回解码成功
 580   1              rawData[0] = 0; 
 581   1              
 582   1              return 1;
 583   1      }
 584          
 585          
 586          
 587          // LED闪烁一下
 588          void LED_Flash(){
 589   1              LED_IO = LED_ON; // 指示灯闪烁一下
 590   1              delay_ms(50);
 591   1              LED_IO = LED_OFF;  // 指示灯闪烁一下
 592   1              
 593   1      }
 594          
 595          
 596          
 597          void main(){
 598   1                      
 599   1              P_SW2 |= 0x80;  // 扩展寄存器(XFR)访问使能
 600   1              IO_Init();              // 初始化引脚 
 601   1              
 602   1              PWM_Init(PWM1, PWM_FREQ);       // 初始化PWM，2KHz
 603   1              PWM1P_OUT_DIS();                // 禁止PWM1P输出，默认关灯
 604   1              IO_PWM_OUT = 0;                 // 默认关灯
 605   1              
 606   1              Timer0_Init();  // 初始化定时器0        
C51 COMPILER V9.60.7.0   MAIN                                                              12/22/2025 20:05:09 PAGE 11  

 607   1              Timer1_Init();  // 初始化定时器1
 608   1              
 609   1              IT0 = 1;      //使能INT0下降沿中断
 610   1              EX0 = 1;         //使能INT0中断
 611   1      
 612   1              EA=1;
 613   1      
 614   1              _nop_();
 615   1              _nop_();
 616   1              _nop_();
 617   1              _nop_();
 618   1              _nop_();
 619   1              
 620   1              
 621   1              PWM_Counter = 0;
 622   1              Light_SW_State = 0;     // 默认关灯
 623   1              
 624   1              LED_IO = LED_OFF; // 默认指示灯关闭
 625   1      
 626   1              
 627   1              
 628   1              
 629   1      //      PWM_LOW_Start_Light_BRIGHTNESS = brightness_Levels[current_level_index]; // 默认亮度
 630   1      
 631   1      
 632   1              while(1)
 633   1              {
 634   2                      
 635   2                      
 636   2                      // 灯的循环逻辑（倒计时关灯、省电模式）
 637   2                      Light_Loop_Tick();
 638   2                      
 639   2                      
 640   2                      if(NEC_Decode() == 1)
 641   2                      {
 642   3                              // 自制遥控器
 643   3                              // [0]是地址码，[2]是命令码
 644   3                              if(NEC_Data[0] == 0x01)
 645   3                              {
 646   4                                      
 647   4                                      LED_Flash();  // LED闪烁一下
 648   4                                      
 649   4                                      if(NEC_Data[2] == 0x011)                        // 开关切换
 650   4                                      {
 651   5                                              Light_Power_Toggle();   
 652   5                                              if(Light_SW_State == 1){
 653   6                                                      Set_PWM(PWM1, brightness_Levels[current_level_index]);
 654   6                                              }
 655   5                                      }
 656   4                                      else if(NEC_Data[2] == 0x22)            // 增加亮度，开灯状态下才有效
 657   4                                      {
 658   5                                              Light_Next_Level();     
 659   5                                              Set_PWM(PWM1, brightness_Levels[current_level_index]);
 660   5                                      }
 661   4                                      else if(NEC_Data[2] == 0x33)            // 减低亮度，开灯状态下才有效
 662   4                                      {
 663   5                                              Light_Prev_Level();     
 664   5                                              Set_PWM(PWM1, brightness_Levels[current_level_index]);
 665   5                                      }
 666   4                                      else if(NEC_Data[2] == 0x51)            // FN1，定时xx秒，开灯状态下才有效
 667   4                                      {
 668   5                                              Light_Turn_Off_Timer_Set(Light_Timer_Sec_1);
C51 COMPILER V9.60.7.0   MAIN                                                              12/22/2025 20:05:09 PAGE 12  

 669   5                                      }
 670   4                                      else if(NEC_Data[2] == 0x52)            // FN2，定时xx秒，开灯状态下才有效
 671   4                                      {
 672   5                                              Light_Turn_Off_Timer_Set(Light_Timer_Sec_2);
 673   5                                      }
 674   4                                      
 675   4                                      
 676   4                              }
 677   3                                      
 678   3                      }
 679   2      
 680   2              
 681   2              }
 682   1      
 683   1      }
 684          


MODULE INFORMATION:   STATIC OVERLAYABLE
   CODE SIZE        =   1170    ----
   CONSTANT SIZE    =   ----    ----
   XDATA SIZE       =   ----    ----
   PDATA SIZE       =    143      22
   DATA SIZE        =   ----       2
   IDATA SIZE       =   ----    ----
   BIT SIZE         =      1    ----
   EDATA SIZE       =   ----    ----
   HDATA SIZE       =   ----    ----
   XDATA CONST SIZE =   ----    ----
   FAR CONST SIZE   =   ----    ----
END OF MODULE INFORMATION.


C51 COMPILATION COMPLETE.  1 WARNING(S),  0 ERROR(S)
