C51 COMPILER V9.60.7.0   STC8H_DMA_ISR                                                     04/17/2025 16:33:17 PAGE 1   


C51 COMPILER V9.60.7.0, COMPILATION OF MODULE STC8H_DMA_ISR
OBJECT MODULE PLACED IN .\Objects\STC8H_DMA_Isr.obj
COMPILER INVOKED BY: C:\Keil_v5\C51\BIN\C51.EXE _libs\STC8H_DMA_Isr.c COMPACT OMF2 OPTIMIZE(8,SPEED) BROWSE INCDIR(.\_li
                    -bs) DEBUG PRINT(.\Listings\STC8H_DMA_Isr.lst) OBJECT(.\Objects\STC8H_DMA_Isr.obj)

line level    source

   1          /*---------------------------------------------------------------------*/
   2          /* --- STC MCU Limited ------------------------------------------------*/
   3          /* --- STC 1T Series MCU Demo Programme -------------------------------*/
   4          /* --- Mobile: (86)13922805190 ----------------------------------------*/
   5          /* --- Fax: 86-0513-55012956,55012947,55012969 ------------------------*/
   6          /* --- Tel: 86-0513-55012928,55012929,55012966 ------------------------*/
   7          /* --- Web: www.STCAI.com ---------------------------------------------*/
   8          /* --- BBS: www.STCAIMCU.com  -----------------------------------------*/
   9          /* --- QQ:  800003751 -------------------------------------------------*/
  10          /* 如果要在程序中使用此代码,请在程序中注明使用了STC的资料及程序            */
  11          /*---------------------------------------------------------------------*/
  12          
  13          #include "STC8H_DMA.h"
*** WARNING C318 IN LINE 13 OF _libs\STC8H_DMA_Isr.c: can't open file 'STC8H_DMA.h'
  14          
  15          bit DmaADCFlag = 0;
  16          
  17          //========================================================================
  18          // 函数: DMA_ADC_ISR_Handler
  19          // 描述: DMA ADC 中断函数.
  20          // 参数: none.
  21          // 返回: none.
  22          // 版本: V1.0, 2022-03-23
  23          //========================================================================
  24          //void DMA_ADC_ISR_Handler (void) interrupt DMA_ADC_VECTOR  //需安装中断拓展插件
  25          //{
  26          //      // TODO: 在此处添加用户代码
  27          //      if(DMA_ADC_STA & 0x01)  //AD转换完成
  28          //      {
  29          //              DMA_ADC_STA &= ~0x01;   //清标志位
  30          //              DmaADCFlag = 1;
  31          //      }
  32          //}
  33          
  34          //========================================================================
  35          // 函数: DMA_ISR_Handler
  36          // 描述: DMA中断函数.
  37          // 参数: none.
  38          // 返回: none.
  39          // 版本: V1.0, 2021-05-25
  40          //========================================================================
  41          void DMA_ISR_Handler (void) interrupt 13
  42          {
  43   1              // TODO: 在此处添加用户代码
  44   1              
  45   1              //----------- DMA ADC --------------
  46   1              if(DMA_ADC_STA & 0x01)  //AD转换完成
*** ERROR C202 IN LINE 46 OF _libs\STC8H_DMA_Isr.c: 'DMA_ADC_STA': undefined identifier
  47   1              {
  48   2                      DMA_ADC_STA &= ~0x01;   //清标志位
*** ERROR C202 IN LINE 48 OF _libs\STC8H_DMA_Isr.c: 'DMA_ADC_STA': undefined identifier
  49   2                      DmaADCFlag = 1;
  50   2              }
  51   1      }
C51 COMPILER V9.60.7.0   STC8H_DMA_ISR                                                     04/17/2025 16:33:17 PAGE 2   


C51 COMPILATION COMPLETE.  1 WARNING(S),  2 ERROR(S)
